// Jest Snapshot v1, https://goo.gl/fbAQLP

exports[`returns correct data 1`] = `
<div>
  <h1 />
  <pre />
</div>
`;
